// Jest Snapshot v1, https://goo.gl/fbAQLP

exports[`MyComponent should render correctly in "debug" mode 1`] = `
<div
  className="App"
>
  <div>
    <div>
      <form
        onSubmit={[Function]}
      >
        <input
          className="input-cls"
          onChange={[Function]}
          placeholder="Please enter book title to fetch..."
          value=""
        />
      </form>
    </div>
  </div>
  <h1
    className="no-results"
  >
    No Results Found
  </h1>
</div>
`;
